\BOOKMARK [0][-]{title.0}{\376\377\231\226\230\165}{}% 1
\BOOKMARK [0][-]{chapter*.2}{\376\377\145\207\116\366\117\356\213\242\213\260\137\125}{}% 2
\BOOKMARK [0][-]{chapter.1}{\376\377\173\200\116\313}{}% 3
\BOOKMARK [1][-]{section.1.1}{\376\377\230\171\166\356\200\314\146\157}{chapter.1}% 4
\BOOKMARK [1][-]{section.1.2}{\376\377\177\026\121\231\166\356\166\204}{chapter.1}% 5
\BOOKMARK [1][-]{section.1.3}{\376\377\220\002\165\050\133\371\214\141}{chapter.1}% 6
\BOOKMARK [1][-]{section.1.4}{\376\377\220\002\165\050\203\003\126\364}{chapter.1}% 7
\BOOKMARK [1][-]{section.1.5}{\376\377\145\207\147\054\117\356\213\242\213\364\146\016}{chapter.1}% 8
\BOOKMARK [0][-]{chapter.2}{\376\377\217\157\116\366\151\202\217\360}{}% 9
\BOOKMARK [1][-]{section.2.1}{\376\377\124\057\122\250}{chapter.2}% 10
\BOOKMARK [1][-]{section.2.2}{\376\377\165\114\227\142\116\313\176\315}{chapter.2}% 11
\BOOKMARK [2][-]{subsection.2.2.1}{\376\377\133\374\202\052\150\017}{section.2.2}% 12
\BOOKMARK [2][-]{subsection.2.2.2}{\376\377\145\207\116\366\133\374\121\145\143\011\224\256}{section.2.2}% 13
\BOOKMARK [2][-]{subsection.2.2.3}{\376\377\213\304\133\241\165\114\227\142}{section.2.2}% 14
\BOOKMARK [2][-]{subsection.2.2.4}{\376\377\145\057\144\221\147\120\145\231\230\204\211\310\123\072}{section.2.2}% 15
\BOOKMARK [0][-]{chapter.3}{\376\377\217\157\116\366\144\315\117\134\145\131\172\013}{}% 16
\BOOKMARK [1][-]{section.3.1}{\376\377\213\304\133\241\127\372\147\054\155\101\172\013\151\202\217\360}{chapter.3}% 17
\BOOKMARK [1][-]{section.3.2}{\376\377\122\115\147\037\121\306\131\007\135\345\117\134}{chapter.3}% 18
\BOOKMARK [2][-]{subsection.3.2.1}{\376\377\122\240\122\006\230\171\166\356\117\341\140\157\166\204\145\160\143\156\145\066\226\306}{section.3.2}% 19
\BOOKMARK [2][-]{subsection.3.2.2}{\376\377\122\240\122\006\230\171\166\356\166\204\117\341\140\157\130\153\121\231}{section.3.2}% 20
\BOOKMARK [2][-]{subsection.3.2.3}{\376\377\201\352\133\232\116\111\122\240\122\006\211\304\122\031\166\204\145\160\143\156\145\066\226\306}{section.3.2}% 21
\BOOKMARK [1][-]{section.3.3}{\376\377\154\350\121\214}{chapter.3}% 22
\BOOKMARK [1][-]{section.3.4}{\376\377\166\173\137\125}{chapter.3}% 23
\BOOKMARK [1][-]{section.3.5}{\376\377\121\163\116\216}{chapter.3}% 24
\BOOKMARK [1][-]{section.3.6}{\376\377\136\056\122\251}{chapter.3}% 25
\BOOKMARK [1][-]{section.3.7}{\376\377\152\041\147\177}{chapter.3}% 26
\BOOKMARK [1][-]{section.3.8}{\376\377\155\105\202\162\000/\155\361\202\162\152\041\137\017}{chapter.3}% 27
\BOOKMARK [1][-]{section.3.9}{\376\377\145\207\116\366\133\374\121\145}{chapter.3}% 28
\BOOKMARK [1][-]{section.3.10}{\376\377\145\057\144\221\147\120\145\231\230\204\211\310}{chapter.3}% 29
\BOOKMARK [1][-]{section.3.11}{\376\377\213\304\133\241}{chapter.3}% 30
\BOOKMARK [2][-]{subsection.3.11.1}{\376\377\213\304\133\241\176\306\122\031\123\312\154\350\141\017\116\213\230\171}{section.3.11}% 31
\BOOKMARK [2][-]{subsection.3.11.2}{\376\377\213\304\133\241\144\315\117\134}{section.3.11}% 32
\BOOKMARK [1][-]{section.3.12}{\376\377\213\304\133\241\176\323\147\234\170\156\133\232}{chapter.3}% 33
\BOOKMARK [1][-]{section.3.13}{\376\377\133\146\165\037\220\011\142\351\116\013\142\311\203\334\123\125}{chapter.3}% 34
\BOOKMARK [1][-]{section.3.14}{\376\377\213\304\133\241\176\323\147\234\133\374\121\372}{chapter.3}% 35
\BOOKMARK [1][-]{section.3.15}{\376\377\142\171\221\317\213\304\133\241\176\323\147\234\133\374\121\372}{chapter.3}% 36
\BOOKMARK [1][-]{section.3.16}{\376\377\176\337\213\241\176\323\147\234\133\374\121\372}{chapter.3}% 37
\BOOKMARK [1][-]{section.3.17}{\376\377\142\171\221\317\176\337\213\241\176\323\147\234\133\374\121\372}{chapter.3}% 38
\BOOKMARK [1][-]{section.3.18}{\376\377\176\323\147\234\133\374\121\372\117\335\142\244}{chapter.3}% 39
\BOOKMARK [1][-]{section.3.19}{\376\377\141\017\131\026\220\000\121\372\117\335\142\244}{chapter.3}% 40
\BOOKMARK [1][-]{section.3.20}{\376\377\142\123\137\000\000E\000X\000C\000E\000L\145\207\116\366\117\115\177\156}{chapter.3}% 41
\BOOKMARK [1][-]{section.3.21}{\376\377\133\374\121\145\122\240\122\006\213\346\140\305\123\312\221\315\177\156\116\072\236\330\213\244}{chapter.3}% 42
\BOOKMARK [0][-]{chapter.4}{\376\377\140\073\176\323\116\016\134\125\147\033}{}% 43
\BOOKMARK [1][-]{section.4.1}{\376\377\140\073\176\323}{chapter.4}% 44
\BOOKMARK [1][-]{section.4.2}{\376\377\134\125\147\033}{chapter.4}% 45
\BOOKMARK [0][-]{chapter.5}{\376\377\226\104\137\125}{}% 46
