This is XeTeX, Version 3.141592653-2.6-0.999997 (TeX Live 2025) (preloaded format=xelatex 2025.8.6)  17 DEC 2025 19:59
entering extended mode
 restricted \write18 enabled.
 %&-line parsing enabled.
**1.jianjie.tex
(./1.jianjie.tex
LaTeX2e <2024-11-01> patch level 2
L3 programming layer <2025-01-18>
! Undefined control sequence.
l.1 ^^I\chapter
               {简介}^^I% 正文部分
The control sequence at the end of the top line
of your error message was never \def'ed. If you have
misspelled it (e.g., `\hobx'), type `I' and the correct
spelling (e.g., `I\hbox'). Otherwise just continue,
and I'll forget about whatever was undefined.


! LaTeX Error: Missing \begin{document}.

See the LaTeX manual or LaTeX Companion for explanation.
Type  H <return>  for immediate help.
 ...                                              
                                                  
l.1 ^^I\chapter{简
                 介}^^I% 正文部分
You're in trouble here.  Try typing  <return>  to proceed.
If that doesn't work, type  X <return>  to quit.

Missing character: There is no 简 ("7B80) in font nullfont!
Missing character: There is no 介 ("4ECB) in font nullfont!
! Undefined control sequence.
l.4 \section
            {项目背景}
The control sequence at the end of the top line
of your error message was never \def'ed. If you have
misspelled it (e.g., `\hobx'), type `I' and the correct
spelling (e.g., `I\hbox'). Otherwise just continue,
and I'll forget about whatever was undefined.

Missing character: There is no 项 ("9879) in font nullfont!
Missing character: There is no 目 ("76EE) in font nullfont!
Missing character: There is no 背 ("80CC) in font nullfont!
Missing character: There is no 景 ("666F) in font nullfont!
Missing character: There is no 为 ("4E3A) in font nullfont!
Missing character: There is no 了 ("4E86) in font nullfont!
Missing character: There is no 奖 ("5956) in font nullfont!
Missing character: There is no 励 ("52B1) in font nullfont!
Missing character: There is no 校 ("6821) in font nullfont!
Missing character: There is no 园 ("56ED) in font nullfont!
Missing character: There is no 品 ("54C1) in font nullfont!
Missing character: There is no 学 ("5B66) in font nullfont!
Missing character: There is no 兼 ("517C) in font nullfont!
Missing character: There is no 优 ("4F18) in font nullfont!
Missing character: There is no 的 ("7684) in font nullfont!
Missing character: There is no 学 ("5B66) in font nullfont!
Missing character: There is no 生 ("751F) in font nullfont!
Missing character: There is no ， ("FF0C) in font nullfont!
Missing character: There is no 激 ("6FC0) in font nullfont!
Missing character: There is no 励 ("52B1) in font nullfont!
Missing character: There is no 学 ("5B66) in font nullfont!
Missing character: There is no 生 ("751F) in font nullfont!
Missing character: There is no 勤 ("52E4) in font nullfont!
Missing character: There is no 奋 ("594B) in font nullfont!
Missing character: There is no 学 ("5B66) in font nullfont!
Missing character: There is no 习 ("4E60) in font nullfont!
Missing character: There is no 、 ("3001) in font nullfont!
Missing character: There is no 努 ("52AA) in font nullfont!
Missing character: There is no 力 ("529B) in font nullfont!
Missing character: There is no 进 ("8FDB) in font nullfont!
Missing character: There is no 取 ("53D6) in font nullfont!
Missing character: There is no ， ("FF0C) in font nullfont!
Missing character: There is no 德 ("5FB7) in font nullfont!
Missing character: There is no 、 ("3001) in font nullfont!
Missing character: There is no 智 ("667A) in font nullfont!
Missing character: There is no 、 ("3001) in font nullfont!
Missing character: There is no 体 ("4F53) in font nullfont!
Missing character: There is no 、 ("3001) in font nullfont!
Missing character: There is no 美 ("7F8E) in font nullfont!
Missing character: There is no 、 ("3001) in font nullfont!
Missing character: There is no 劳 ("52B3) in font nullfont!
Missing character: There is no 全 ("5168) in font nullfont!
Missing character: There is no 面 ("9762) in font nullfont!
Missing character: There is no 发 ("53D1) in font nullfont!
Missing character: There is no 展 ("5C55) in font nullfont!
Missing character: There is no ， ("FF0C) in font nullfont!
Missing character: There is no 各 ("5404) in font nullfont!
Missing character: There is no 大 ("5927) in font nullfont!
Missing character: There is no 高 ("9AD8) in font nullfont!
Missing character: There is no 校 ("6821) in font nullfont!
Missing character: There is no 均 ("5747) in font nullfont!
Missing character: There is no 设 ("8BBE) in font nullfont!
Missing character: There is no 立 ("7ACB) in font nullfont!
Missing character: There is no 优 ("4F18) in font nullfont!
Missing character: There is no 秀 ("79C0) in font nullfont!
Missing character: There is no 学 ("5B66) in font nullfont!
Missing character: There is no 生 ("751F) in font nullfont!
Missing character: There is no 奖 ("5956) in font nullfont!
Missing character: There is no 学 ("5B66) in font nullfont!
Missing character: There is no 金 ("91D1) in font nullfont!
Missing character: There is no 。 ("3002) in font nullfont!

Overfull \hbox (20.0pt too wide) in paragraph at lines 1--6
[]
 []


! LaTeX Error: Missing \begin{document}.

See the LaTeX manual or LaTeX Companion for explanation.
Type  H <return>  for immediate help.
 ...                                              
                                                  
l.7 优
     秀学生奖学金的评审过程也是对学生综合素质的一次全面考察。它要求学生不仅要在学业成绩上有所建树，还要在学科竞赛、科研创新、外语能力等方面有所表现...

You're in trouble here.  Try typing  <return>  to proceed.
If that doesn't work, type  X <return>  to quit.

Missing character: There is no 优 ("4F18) in font nullfont!
Missing character: There is no 秀 ("79C0) in font nullfont!
Missing character: There is no 学 ("5B66) in font nullfont!
Missing character: There is no 生 ("751F) in font nullfont!
Missing character: There is no 奖 ("5956) in font nullfont!
Missing character: There is no 学 ("5B66) in font nullfont!
Missing character: There is no 金 ("91D1) in font nullfont!
Missing character: There is no 的 ("7684) in font nullfont!
Missing character: There is no 评 ("8BC4) in font nullfont!
Missing character: There is no 审 ("5BA1) in font nullfont!
Missing character: There is no 过 ("8FC7) in font nullfont!
Missing character: There is no 程 ("7A0B) in font nullfont!
Missing character: There is no 也 ("4E5F) in font nullfont!
Missing character: There is no 是 ("662F) in font nullfont!
Missing character: There is no 对 ("5BF9) in font nullfont!
Missing character: There is no 学 ("5B66) in font nullfont!
Missing character: There is no 生 ("751F) in font nullfont!
Missing character: There is no 综 ("7EFC) in font nullfont!
Missing character: There is no 合 ("5408) in font nullfont!
Missing character: There is no 素 ("7D20) in font nullfont!
Missing character: There is no 质 ("8D28) in font nullfont!
Missing character: There is no 的 ("7684) in font nullfont!
Missing character: There is no 一 ("4E00) in font nullfont!
Missing character: There is no 次 ("6B21) in font nullfont!
Missing character: There is no 全 ("5168) in font nullfont!
Missing character: There is no 面 ("9762) in font nullfont!
Missing character: There is no 考 ("8003) in font nullfont!
Missing character: There is no 察 ("5BDF) in font nullfont!
Missing character: There is no 。 ("3002) in font nullfont!
Missing character: There is no 它 ("5B83) in font nullfont!
Missing character: There is no 要 ("8981) in font nullfont!
Missing character: There is no 求 ("6C42) in font nullfont!
Missing character: There is no 学 ("5B66) in font nullfont!
Missing character: There is no 生 ("751F) in font nullfont!
Missing character: There is no 不 ("4E0D) in font nullfont!
Missing character: There is no 仅 ("4EC5) in font nullfont!
Missing character: There is no 要 ("8981) in font nullfont!
Missing character: There is no 在 ("5728) in font nullfont!
Missing character: There is no 学 ("5B66) in font nullfont!
Missing character: There is no 业 ("4E1A) in font nullfont!
Missing character: There is no 成 ("6210) in font nullfont!
Missing character: There is no 绩 ("7EE9) in font nullfont!
Missing character: There is no 上 ("4E0A) in font nullfont!
Missing character: There is no 有 ("6709) in font nullfont!
Missing character: There is no 所 ("6240) in font nullfont!
Missing character: There is no 建 ("5EFA) in font nullfont!
Missing character: There is no 树 ("6811) in font nullfont!
Missing character: There is no ， ("FF0C) in font nullfont!
Missing character: There is no 还 ("8FD8) in font nullfont!
Missing character: There is no 要 ("8981) in font nullfont!
Missing character: There is no 在 ("5728) in font nullfont!
Missing character: There is no 学 ("5B66) in font nullfont!
Missing character: There is no 科 ("79D1) in font nullfont!
Missing character: There is no 竞 ("7ADE) in font nullfont!
Missing character: There is no 赛 ("8D5B) in font nullfont!
Missing character: There is no 、 ("3001) in font nullfont!
Missing character: There is no 科 ("79D1) in font nullfont!
Missing character: There is no 研 ("7814) in font nullfont!
Missing character: There is no 创 ("521B) in font nullfont!
Missing character: There is no 新 ("65B0) in font nullfont!
Missing character: There is no 、 ("3001) in font nullfont!
Missing character: There is no 外 ("5916) in font nullfont!
Missing character: There is no 语 ("8BED) in font nullfont!
Missing character: There is no 能 ("80FD) in font nullfont!
Missing character: There is no 力 ("529B) in font nullfont!
Missing character: There is no 等 ("7B49) in font nullfont!
Missing character: There is no 方 ("65B9) in font nullfont!
Missing character: There is no 面 ("9762) in font nullfont!
Missing character: There is no 有 ("6709) in font nullfont!
Missing character: There is no 所 ("6240) in font nullfont!
Missing character: There is no 表 ("8868) in font nullfont!
Missing character: There is no 现 ("73B0) in font nullfont!
Missing character: There is no 。 ("3002) in font nullfont!
Missing character: There is no 通 ("901A) in font nullfont!
Missing character: There is no 过 ("8FC7) in font nullfont!
Missing character: There is no 这 ("8FD9) in font nullfont!
Missing character: There is no 样 ("6837) in font nullfont!
Missing character: There is no 的 ("7684) in font nullfont!
Missing character: There is no 评 ("8BC4) in font nullfont!
Missing character: There is no 审 ("5BA1) in font nullfont!
Missing character: There is no 机 ("673A) in font nullfont!
Missing character: There is no 制 ("5236) in font nullfont!
Missing character: There is no ， ("FF0C) in font nullfont!
Missing character: There is no 可 ("53EF) in font nullfont!
Missing character: There is no 以 ("4EE5) in font nullfont!
Missing character: There is no 更 ("66F4) in font nullfont!
Missing character: There is no 好 ("597D) in font nullfont!
Missing character: There is no 地 ("5730) in font nullfont!
Missing character: There is no 发 ("53D1) in font nullfont!
Missing character: There is no 现 ("73B0) in font nullfont!
Missing character: There is no 和 ("548C) in font nullfont!
Missing character: There is no 培 ("57F9) in font nullfont!
Missing character: There is no 养 ("517B) in font nullfont!
Missing character: There is no 那 ("90A3) in font nullfont!
Missing character: There is no 些 ("4E9B) in font nullfont!
Missing character: There is no 具 ("5177) in font nullfont!
Missing character: There is no 有 ("6709) in font nullfont!
Missing character: There is no 潜 ("6F5C) in font nullfont!
Missing character: There is no 力 ("529B) in font nullfont!
Missing character: There is no 的 ("7684) in font nullfont!
Missing character: There is no 学 ("5B66) in font nullfont!
Missing character: There is no 生 ("751F) in font nullfont!
Missing character: There is no ， ("FF0C) in font nullfont!
Missing character: There is no 为 ("4E3A) in font nullfont!
Missing character: There is no 他 ("4ED6) in font nullfont!
Missing character: There is no 们 ("4EEC) in font nullfont!
Missing character: There is no 提 ("63D0) in font nullfont!
Missing character: There is no 供 ("4F9B) in font nullfont!
Missing character: There is no 更 ("66F4) in font nullfont!
Missing character: There is no 多 ("591A) in font nullfont!
Missing character: There is no 的 ("7684) in font nullfont!
Missing character: There is no 发 ("53D1) in font nullfont!
Missing character: There is no 展 ("5C55) in font nullfont!
Missing character: There is no 机 ("673A) in font nullfont!
Missing character: There is no 会 ("4F1A) in font nullfont!
Missing character: There is no 。 ("3002) in font nullfont!

Overfull \hbox (20.0pt too wide) in paragraph at lines 7--8
[] 
 []


! LaTeX Error: Missing \begin{document}.

See the LaTeX manual or LaTeX Companion for explanation.
Type  H <return>  for immediate help.
 ...                                              
                                                  
l.9 为
     了提高优秀学生奖学金评审的效率，本团队合作开发了这款优秀学生奖学金加分项目评审软件。该软件旨在通过读取和写入文件数据内容，帮助评审小组更快速更...

You're in trouble here.  Try typing  <return>  to proceed.
If that doesn't work, type  X <return>  to quit.

Missing character: There is no 为 ("4E3A) in font nullfont!
Missing character: There is no 了 ("4E86) in font nullfont!
Missing character: There is no 提 ("63D0) in font nullfont!
Missing character: There is no 高 ("9AD8) in font nullfont!
Missing character: There is no 优 ("4F18) in font nullfont!
Missing character: There is no 秀 ("79C0) in font nullfont!
Missing character: There is no 学 ("5B66) in font nullfont!
Missing character: There is no 生 ("751F) in font nullfont!
Missing character: There is no 奖 ("5956) in font nullfont!
Missing character: There is no 学 ("5B66) in font nullfont!
Missing character: There is no 金 ("91D1) in font nullfont!
Missing character: There is no 评 ("8BC4) in font nullfont!
Missing character: There is no 审 ("5BA1) in font nullfont!
Missing character: There is no 的 ("7684) in font nullfont!
Missing character: There is no 效 ("6548) in font nullfont!
Missing character: There is no 率 ("7387) in font nullfont!
Missing character: There is no ， ("FF0C) in font nullfont!
Missing character: There is no 本 ("672C) in font nullfont!
Missing character: There is no 团 ("56E2) in font nullfont!
Missing character: There is no 队 ("961F) in font nullfont!
Missing character: There is no 合 ("5408) in font nullfont!
Missing character: There is no 作 ("4F5C) in font nullfont!
Missing character: There is no 开 ("5F00) in font nullfont!
Missing character: There is no 发 ("53D1) in font nullfont!
Missing character: There is no 了 ("4E86) in font nullfont!
Missing character: There is no 这 ("8FD9) in font nullfont!
Missing character: There is no 款 ("6B3E) in font nullfont!
Missing character: There is no 优 ("4F18) in font nullfont!
Missing character: There is no 秀 ("79C0) in font nullfont!
Missing character: There is no 学 ("5B66) in font nullfont!
Missing character: There is no 生 ("751F) in font nullfont!
Missing character: There is no 奖 ("5956) in font nullfont!
Missing character: There is no 学 ("5B66) in font nullfont!
Missing character: There is no 金 ("91D1) in font nullfont!
Missing character: There is no 加 ("52A0) in font nullfont!
Missing character: There is no 分 ("5206) in font nullfont!
Missing character: There is no 项 ("9879) in font nullfont!
Missing character: There is no 目 ("76EE) in font nullfont!
Missing character: There is no 评 ("8BC4) in font nullfont!
Missing character: There is no 审 ("5BA1) in font nullfont!
Missing character: There is no 软 ("8F6F) in font nullfont!
Missing character: There is no 件 ("4EF6) in font nullfont!
Missing character: There is no 。 ("3002) in font nullfont!
Missing character: There is no 该 ("8BE5) in font nullfont!
Missing character: There is no 软 ("8F6F) in font nullfont!
Missing character: There is no 件 ("4EF6) in font nullfont!
Missing character: There is no 旨 ("65E8) in font nullfont!
Missing character: There is no 在 ("5728) in font nullfont!
Missing character: There is no 通 ("901A) in font nullfont!
Missing character: There is no 过 ("8FC7) in font nullfont!
Missing character: There is no 读 ("8BFB) in font nullfont!
Missing character: There is no 取 ("53D6) in font nullfont!
Missing character: There is no 和 ("548C) in font nullfont!
Missing character: There is no 写 ("5199) in font nullfont!
Missing character: There is no 入 ("5165) in font nullfont!
Missing character: There is no 文 ("6587) in font nullfont!
Missing character: There is no 件 ("4EF6) in font nullfont!
Missing character: There is no 数 ("6570) in font nullfont!
Missing character: There is no 据 ("636E) in font nullfont!
Missing character: There is no 内 ("5185) in font nullfont!
Missing character: There is no 容 ("5BB9) in font nullfont!
Missing character: There is no ， ("FF0C) in font nullfont!
Missing character: There is no 帮 ("5E2E) in font nullfont!
Missing character: There is no 助 ("52A9) in font nullfont!
Missing character: There is no 评 ("8BC4) in font nullfont!
Missing character: There is no 审 ("5BA1) in font nullfont!
Missing character: There is no 小 ("5C0F) in font nullfont!
Missing character: There is no 组 ("7EC4) in font nullfont!
Missing character: There is no 更 ("66F4) in font nullfont!
Missing character: There is no 快 ("5FEB) in font nullfont!
Missing character: There is no 速 ("901F) in font nullfont!
Missing character: There is no 更 ("66F4) in font nullfont!
Missing character: There is no 准 ("51C6) in font nullfont!
Missing character: There is no 确 ("786E) in font nullfont!
Missing character: There is no 的 ("7684) in font nullfont!
Missing character: There is no 完 ("5B8C) in font nullfont!
Missing character: There is no 成 ("6210) in font nullfont!
Missing character: There is no 评 ("8BC4) in font nullfont!
Missing character: There is no 审 ("5BA1) in font nullfont!
Missing character: There is no 工 ("5DE5) in font nullfont!
Missing character: There is no 作 ("4F5C) in font nullfont!
Missing character: There is no 。 ("3002) in font nullfont!
Missing character: There is no 软 ("8F6F) in font nullfont!
Missing character: There is no 件 ("4EF6) in font nullfont!
Missing character: There is no 的 ("7684) in font nullfont!
Missing character: There is no 使 ("4F7F) in font nullfont!
Missing character: There is no 用 ("7528) in font nullfont!
Missing character: There is no 将 ("5C06) in font nullfont!
Missing character: There is no 大 ("5927) in font nullfont!
Missing character: There is no 大 ("5927) in font nullfont!
Missing character: There is no 简 ("7B80) in font nullfont!
Missing character: There is no 化 ("5316) in font nullfont!
Missing character: There is no 评 ("8BC4) in font nullfont!
Missing character: There is no 审 ("5BA1) in font nullfont!
Missing character: There is no 流 ("6D41) in font nullfont!
Missing character: There is no 程 ("7A0B) in font nullfont!
Missing character: There is no ， ("FF0C) in font nullfont!
Missing character: There is no 减 ("51CF) in font nullfont!
Missing character: There is no 少 ("5C11) in font nullfont!
Missing character: There is no 人 ("4EBA) in font nullfont!
Missing character: There is no 为 ("4E3A) in font nullfont!
Missing character: There is no 误 ("8BEF) in font nullfont!
Missing character: There is no 差 ("5DEE) in font nullfont!
Missing character: There is no ， ("FF0C) in font nullfont!
Missing character: There is no 为 ("4E3A) in font nullfont!
Missing character: There is no 每 ("6BCF) in font nullfont!
Missing character: There is no 一 ("4E00) in font nullfont!
Missing character: There is no 位 ("4F4D) in font nullfont!
Missing character: There is no 学 ("5B66) in font nullfont!
Missing character: There is no 生 ("751F) in font nullfont!
Missing character: There is no 的 ("7684) in font nullfont!
Missing character: There is no 综 ("7EFC) in font nullfont!
Missing character: There is no 合 ("5408) in font nullfont!
Missing character: There is no 评 ("8BC4) in font nullfont!
Missing character: There is no 定 ("5B9A) in font nullfont!
Missing character: There is no 的 ("7684) in font nullfont!
Missing character: There is no 正 ("6B63) in font nullfont!
Missing character: There is no 确 ("786E) in font nullfont!
Missing character: There is no 加 ("52A0) in font nullfont!
Missing character: There is no 分 ("5206) in font nullfont!
Missing character: There is no 保 ("4FDD) in font nullfont!
Missing character: There is no 驾 ("9A7E) in font nullfont!
Missing character: There is no 护 ("62A4) in font nullfont!
Missing character: There is no 航 ("822A) in font nullfont!
Missing character: There is no 。 ("3002) in font nullfont!

Overfull \hbox (20.0pt too wide) in paragraph at lines 9--10
[] 
 []


! LaTeX Error: Missing \begin{document}.

See the LaTeX manual or LaTeX Companion for explanation.
Type  H <return>  for immediate help.
 ...                                              
                                                  
l.11 我
      们相信，通过这款软件的辅助，优秀学生奖学金的评审工作将更加高效和公正，从而更好地激励广大学生追求卓越，实现自我价值，为社会的发展贡献自己的力量。
You're in trouble here.  Try typing  <return>  to proceed.
If that doesn't work, type  X <return>  to quit.

Missing character: There is no 我 ("6211) in font nullfont!
Missing character: There is no 们 ("4EEC) in font nullfont!
Missing character: There is no 相 ("76F8) in font nullfont!
Missing character: There is no 信 ("4FE1) in font nullfont!
Missing character: There is no ， ("FF0C) in font nullfont!
Missing character: There is no 通 ("901A) in font nullfont!
Missing character: There is no 过 ("8FC7) in font nullfont!
Missing character: There is no 这 ("8FD9) in font nullfont!
Missing character: There is no 款 ("6B3E) in font nullfont!
Missing character: There is no 软 ("8F6F) in font nullfont!
Missing character: There is no 件 ("4EF6) in font nullfont!
Missing character: There is no 的 ("7684) in font nullfont!
Missing character: There is no 辅 ("8F85) in font nullfont!
Missing character: There is no 助 ("52A9) in font nullfont!
Missing character: There is no ， ("FF0C) in font nullfont!
Missing character: There is no 优 ("4F18) in font nullfont!
Missing character: There is no 秀 ("79C0) in font nullfont!
Missing character: There is no 学 ("5B66) in font nullfont!
Missing character: There is no 生 ("751F) in font nullfont!
Missing character: There is no 奖 ("5956) in font nullfont!
Missing character: There is no 学 ("5B66) in font nullfont!
Missing character: There is no 金 ("91D1) in font nullfont!
Missing character: There is no 的 ("7684) in font nullfont!
Missing character: There is no 评 ("8BC4) in font nullfont!
Missing character: There is no 审 ("5BA1) in font nullfont!
Missing character: There is no 工 ("5DE5) in font nullfont!
Missing character: There is no 作 ("4F5C) in font nullfont!
Missing character: There is no 将 ("5C06) in font nullfont!
Missing character: There is no 更 ("66F4) in font nullfont!
Missing character: There is no 加 ("52A0) in font nullfont!
Missing character: There is no 高 ("9AD8) in font nullfont!
Missing character: There is no 效 ("6548) in font nullfont!
Missing character: There is no 和 ("548C) in font nullfont!
Missing character: There is no 公 ("516C) in font nullfont!
Missing character: There is no 正 ("6B63) in font nullfont!
Missing character: There is no ， ("FF0C) in font nullfont!
Missing character: There is no 从 ("4ECE) in font nullfont!
Missing character: There is no 而 ("800C) in font nullfont!
Missing character: There is no 更 ("66F4) in font nullfont!
Missing character: There is no 好 ("597D) in font nullfont!
Missing character: There is no 地 ("5730) in font nullfont!
Missing character: There is no 激 ("6FC0) in font nullfont!
Missing character: There is no 励 ("52B1) in font nullfont!
Missing character: There is no 广 ("5E7F) in font nullfont!
Missing character: There is no 大 ("5927) in font nullfont!
Missing character: There is no 学 ("5B66) in font nullfont!
Missing character: There is no 生 ("751F) in font nullfont!
Missing character: There is no 追 ("8FFD) in font nullfont!
Missing character: There is no 求 ("6C42) in font nullfont!
Missing character: There is no 卓 ("5353) in font nullfont!
Missing character: There is no 越 ("8D8A) in font nullfont!
Missing character: There is no ， ("FF0C) in font nullfont!
Missing character: There is no 实 ("5B9E) in font nullfont!
Missing character: There is no 现 ("73B0) in font nullfont!
Missing character: There is no 自 ("81EA) in font nullfont!
Missing character: There is no 我 ("6211) in font nullfont!
Missing character: There is no 价 ("4EF7) in font nullfont!
Missing character: There is no 值 ("503C) in font nullfont!
Missing character: There is no ， ("FF0C) in font nullfont!
Missing character: There is no 为 ("4E3A) in font nullfont!
Missing character: There is no 社 ("793E) in font nullfont!
Missing character: There is no 会 ("4F1A) in font nullfont!
Missing character: There is no 的 ("7684) in font nullfont!
Missing character: There is no 发 ("53D1) in font nullfont!
Missing character: There is no 展 ("5C55) in font nullfont!
Missing character: There is no 贡 ("8D21) in font nullfont!
Missing character: There is no 献 ("732E) in font nullfont!
Missing character: There is no 自 ("81EA) in font nullfont!
Missing character: There is no 己 ("5DF1) in font nullfont!
Missing character: There is no 的 ("7684) in font nullfont!
Missing character: There is no 力 ("529B) in font nullfont!
Missing character: There is no 量 ("91CF) in font nullfont!
Missing character: There is no 。 ("3002) in font nullfont!

Overfull \hbox (20.0pt too wide) in paragraph at lines 11--12
[] 
 []

! Undefined control sequence.
l.13 \section
             {编写目的}
The control sequence at the end of the top line
of your error message was never \def'ed. If you have
misspelled it (e.g., `\hobx'), type `I' and the correct
spelling (e.g., `I\hbox'). Otherwise just continue,
and I'll forget about whatever was undefined.


! LaTeX Error: Missing \begin{document}.

See the LaTeX manual or LaTeX Companion for explanation.
Type  H <return>  for immediate help.
 ...                                              
                                                  
l.13 \section{编
               写目的}
You're in trouble here.  Try typing  <return>  to proceed.
If that doesn't work, type  X <return>  to quit.

Missing character: There is no 编 ("7F16) in font nullfont!
Missing character: There is no 写 ("5199) in font nullfont!
Missing character: There is no 目 ("76EE) in font nullfont!
Missing character: There is no 的 ("7684) in font nullfont!

Overfull \hbox (20.0pt too wide) in paragraph at lines 13--14
[] 
 []


! LaTeX Error: Missing \begin{document}.

See the LaTeX manual or LaTeX Companion for explanation.
Type  H <return>  for immediate help.
 ...                                              
                                                  
l.15 本
      文档为优秀学生奖学金加分项目评审软件使用说明文档，为产品的使用与维护提供信息基础，更好的为使用本软件的人员提供服务。
You're in trouble here.  Try typing  <return>  to proceed.
If that doesn't work, type  X <return>  to quit.

Missing character: There is no 本 ("672C) in font nullfont!
Missing character: There is no 文 ("6587) in font nullfont!
Missing character: There is no 档 ("6863) in font nullfont!
Missing character: There is no 为 ("4E3A) in font nullfont!
Missing character: There is no 优 ("4F18) in font nullfont!
Missing character: There is no 秀 ("79C0) in font nullfont!
Missing character: There is no 学 ("5B66) in font nullfont!
Missing character: There is no 生 ("751F) in font nullfont!
Missing character: There is no 奖 ("5956) in font nullfont!
Missing character: There is no 学 ("5B66) in font nullfont!
Missing character: There is no 金 ("91D1) in font nullfont!
Missing character: There is no 加 ("52A0) in font nullfont!
Missing character: There is no 分 ("5206) in font nullfont!
Missing character: There is no 项 ("9879) in font nullfont!
Missing character: There is no 目 ("76EE) in font nullfont!
Missing character: There is no 评 ("8BC4) in font nullfont!
Missing character: There is no 审 ("5BA1) in font nullfont!
Missing character: There is no 软 ("8F6F) in font nullfont!
Missing character: There is no 件 ("4EF6) in font nullfont!
Missing character: There is no 使 ("4F7F) in font nullfont!
Missing character: There is no 用 ("7528) in font nullfont!
Missing character: There is no 说 ("8BF4) in font nullfont!
Missing character: There is no 明 ("660E) in font nullfont!
Missing character: There is no 文 ("6587) in font nullfont!
Missing character: There is no 档 ("6863) in font nullfont!
Missing character: There is no ， ("FF0C) in font nullfont!
Missing character: There is no 为 ("4E3A) in font nullfont!
Missing character: There is no 产 ("4EA7) in font nullfont!
Missing character: There is no 品 ("54C1) in font nullfont!
Missing character: There is no 的 ("7684) in font nullfont!
Missing character: There is no 使 ("4F7F) in font nullfont!
Missing character: There is no 用 ("7528) in font nullfont!
Missing character: There is no 与 ("4E0E) in font nullfont!
Missing character: There is no 维 ("7EF4) in font nullfont!
Missing character: There is no 护 ("62A4) in font nullfont!
Missing character: There is no 提 ("63D0) in font nullfont!
Missing character: There is no 供 ("4F9B) in font nullfont!
Missing character: There is no 信 ("4FE1) in font nullfont!
Missing character: There is no 息 ("606F) in font nullfont!
Missing character: There is no 基 ("57FA) in font nullfont!
Missing character: There is no 础 ("7840) in font nullfont!
Missing character: There is no ， ("FF0C) in font nullfont!
Missing character: There is no 更 ("66F4) in font nullfont!
Missing character: There is no 好 ("597D) in font nullfont!
Missing character: There is no 的 ("7684) in font nullfont!
Missing character: There is no 为 ("4E3A) in font nullfont!
Missing character: There is no 使 ("4F7F) in font nullfont!
Missing character: There is no 用 ("7528) in font nullfont!
Missing character: There is no 本 ("672C) in font nullfont!
Missing character: There is no 软 ("8F6F) in font nullfont!
Missing character: There is no 件 ("4EF6) in font nullfont!
Missing character: There is no 的 ("7684) in font nullfont!
Missing character: There is no 人 ("4EBA) in font nullfont!
Missing character: There is no 员 ("5458) in font nullfont!
Missing character: There is no 提 ("63D0) in font nullfont!
Missing character: There is no 供 ("4F9B) in font nullfont!
Missing character: There is no 服 ("670D) in font nullfont!
Missing character: There is no 务 ("52A1) in font nullfont!
Missing character: There is no 。 ("3002) in font nullfont!

Overfull \hbox (20.0pt too wide) in paragraph at lines 15--16
[] 
 []

! Undefined control sequence.
l.17 \section
             {适用对象}
The control sequence at the end of the top line
of your error message was never \def'ed. If you have
misspelled it (e.g., `\hobx'), type `I' and the correct
spelling (e.g., `I\hbox'). Otherwise just continue,
and I'll forget about whatever was undefined.


! LaTeX Error: Missing \begin{document}.

See the LaTeX manual or LaTeX Companion for explanation.
Type  H <return>  for immediate help.
 ...                                              
                                                  
l.17 \section{适
               用对象}
You're in trouble here.  Try typing  <return>  to proceed.
If that doesn't work, type  X <return>  to quit.

Missing character: There is no 适 ("9002) in font nullfont!
Missing character: There is no 用 ("7528) in font nullfont!
Missing character: There is no 对 ("5BF9) in font nullfont!
Missing character: There is no 象 ("8C61) in font nullfont!

Overfull \hbox (20.0pt too wide) in paragraph at lines 17--18
[] 
 []

Missing character: There is no 目 ("76EE) in font nullfont!
Missing character: There is no 标 ("6807) in font nullfont!
Missing character: There is no 用 ("7528) in font nullfont!
Missing character: There is no 户 ("6237) in font nullfont!

! LaTeX Error: Environment description undefined.

See the LaTeX manual or LaTeX Companion for explanation.
Type  H <return>  for immediate help.
 ...                                              
                                                  
l.20 ^^I\begin{description}
                           
Your command was ignored.
Type  I <command> <return>  to replace it with another command,
or  <return>  to continue without it.

Missing character: There is no （ ("FF08) in font nullfont!
Missing character: There is no 1 ("31) in font nullfont!
Missing character: There is no ） ("FF09) in font nullfont!
Missing character: There is no 高 ("9AD8) in font nullfont!
Missing character: There is no 校 ("6821) in font nullfont!
Missing character: There is no 的 ("7684) in font nullfont!
Missing character: There is no 评 ("8BC4) in font nullfont!
Missing character: There is no 审 ("5BA1) in font nullfont!
Missing character: There is no 委 ("59D4) in font nullfont!
Missing character: There is no 员 ("5458) in font nullfont!
Missing character: There is no 会 ("4F1A) in font nullfont!
Missing character: There is no 、 ("3001) in font nullfont!
Missing character: There is no 教 ("6559) in font nullfont!
Missing character: There is no 务 ("52A1) in font nullfont!
Missing character: There is no 人 ("4EBA) in font nullfont!
Missing character: There is no 员 ("5458) in font nullfont!
Missing character: There is no 、 ("3001) in font nullfont!
Missing character: There is no 辅 ("8F85) in font nullfont!
Missing character: There is no 导 ("5BFC) in font nullfont!
Missing character: There is no 员 ("5458) in font nullfont!
Missing character: There is no 等 ("7B49) in font nullfont!
Missing character: There is no 。 ("3002) in font nullfont!
Missing character: There is no （ ("FF08) in font nullfont!
Missing character: There is no 2 ("32) in font nullfont!
Missing character: There is no ） ("FF09) in font nullfont!
Missing character: There is no 负 ("8D1F) in font nullfont!
Missing character: There is no 责 ("8D23) in font nullfont!
Missing character: There is no 优 ("4F18) in font nullfont!
Missing character: There is no 秀 ("79C0) in font nullfont!
Missing character: There is no 学 ("5B66) in font nullfont!
Missing character: There is no 生 ("751F) in font nullfont!
Missing character: There is no 奖 ("5956) in font nullfont!
Missing character: There is no 学 ("5B66) in font nullfont!
Missing character: There is no 金 ("91D1) in font nullfont!
Missing character: There is no 评 ("8BC4) in font nullfont!
Missing character: There is no 审 ("5BA1) in font nullfont!
Missing character: There is no 工 ("5DE5) in font nullfont!
Missing character: There is no 作 ("4F5C) in font nullfont!
Missing character: There is no 的 ("7684) in font nullfont!
Missing character: There is no 老 ("8001) in font nullfont!
Missing character: There is no 师 ("5E08) in font nullfont!
Missing character: There is no 和 ("548C) in font nullfont!
Missing character: There is no 相 ("76F8) in font nullfont!
Missing character: There is no 关 ("5173) in font nullfont!
Missing character: There is no 工 ("5DE5) in font nullfont!
Missing character: There is no 作 ("4F5C) in font nullfont!
Missing character: There is no 人 ("4EBA) in font nullfont!
Missing character: There is no 员 ("5458) in font nullfont!
Missing character: There is no 。 ("3002) in font nullfont!

! LaTeX Error: \begin{enumerate} on input line 18 ended by \end{description}.

See the LaTeX manual or LaTeX Companion for explanation.
Type  H <return>  for immediate help.
 ...                                              
                                                  
l.23 ^^I\end{description}
                         
Your command was ignored.
Type  I <command> <return>  to replace it with another command,
or  <return>  to continue without it.

Missing character: There is no 使 ("4F7F) in font nullfont!
Missing character: There is no 用 ("7528) in font nullfont!
Missing character: There is no 场 ("573A) in font nullfont!
Missing character: There is no 景 ("666F) in font nullfont!

! LaTeX Error: Environment description undefined.

See the LaTeX manual or LaTeX Companion for explanation.
Type  H <return>  for immediate help.
 ...                                              
                                                  
l.25 ^^I\begin{description}
                           
Your command was ignored.
Type  I <command> <return>  to replace it with another command,
or  <return>  to continue without it.

Missing character: There is no （ ("FF08) in font nullfont!
Missing character: There is no 1 ("31) in font nullfont!
Missing character: There is no ） ("FF09) in font nullfont!
Missing character: There is no 学 ("5B66) in font nullfont!
Missing character: There is no 校 ("6821) in font nullfont!
Missing character: There is no 年 ("5E74) in font nullfont!
Missing character: There is no 度 ("5EA6) in font nullfont!
Missing character: There is no 奖 ("5956) in font nullfont!
Missing character: There is no 学 ("5B66) in font nullfont!
Missing character: There is no 金 ("91D1) in font nullfont!
Missing character: There is no 评 ("8BC4) in font nullfont!
Missing character: There is no 审 ("5BA1) in font nullfont!
Missing character: There is no 。 ("3002) in font nullfont!
Missing character: There is no （ ("FF08) in font nullfont!
Missing character: There is no 2 ("32) in font nullfont!
Missing character: There is no ） ("FF09) in font nullfont!
Missing character: There is no 各 ("5404) in font nullfont!
Missing character: There is no 类 ("7C7B) in font nullfont!
Missing character: There is no 学 ("5B66) in font nullfont!
Missing character: There is no 术 ("672F) in font nullfont!
Missing character: There is no 、 ("3001) in font nullfont!
Missing character: There is no 科 ("79D1) in font nullfont!
Missing character: There is no 研 ("7814) in font nullfont!
Missing character: There is no 竞 ("7ADE) in font nullfont!
Missing character: There is no 赛 ("8D5B) in font nullfont!
Missing character: There is no 和 ("548C) in font nullfont!
Missing character: There is no 荣 ("8363) in font nullfont!
Missing character: There is no 誉 ("8A89) in font nullfont!
Missing character: There is no 奖 ("5956) in font nullfont!
Missing character: There is no 项 ("9879) in font nullfont!
Missing character: There is no 的 ("7684) in font nullfont!
Missing character: There is no 评 ("8BC4) in font nullfont!
Missing character: There is no 定 ("5B9A) in font nullfont!
Missing character: There is no 。 ("3002) in font nullfont!
Missing character: There is no （ ("FF08) in font nullfont!
Missing character: There is no 3 ("33) in font nullfont!
Missing character: There is no ） ("FF09) in font nullfont!
Missing character: There is no 学 ("5B66) in font nullfont!
Missing character: There is no 生 ("751F) in font nullfont!
Missing character: There is no 奖 ("5956) in font nullfont!
Missing character: There is no 项 ("9879) in font nullfont!
Missing character: There is no 信 ("4FE1) in font nullfont!
Missing character: There is no 息 ("606F) in font nullfont!
Missing character: There is no 的 ("7684) in font nullfont!
Missing character: There is no 统 ("7EDF) in font nullfont!
Missing character: There is no 计 ("8BA1) in font nullfont!
Missing character: There is no 与 ("4E0E) in font nullfont!
Missing character: There is no 管 ("7BA1) in font nullfont!
Missing character: There is no 理 ("7406) in font nullfont!
Missing character: There is no 。 ("3002) in font nullfont!

! LaTeX Error: \begin{enumerate} on input line 18 ended by \end{description}.

See the LaTeX manual or LaTeX Companion for explanation.
Type  H <return>  for immediate help.
 ...                                              
                                                  
l.29 ^^I\end{description}
                         
Your command was ignored.
Type  I <command> <return>  to replace it with another command,
or  <return>  to continue without it.

! Undefined control sequence.
l.32 \section
             {适用范围}
The control sequence at the end of the top line
of your error message was never \def'ed. If you have
misspelled it (e.g., `\hobx'), type `I' and the correct
spelling (e.g., `I\hbox'). Otherwise just continue,
and I'll forget about whatever was undefined.

Missing character: There is no 适 ("9002) in font nullfont!
Missing character: There is no 用 ("7528) in font nullfont!
Missing character: There is no 范 ("8303) in font nullfont!
Missing character: There is no 围 ("56F4) in font nullfont!
Missing character: There is no W ("57) in font nullfont!
Missing character: There is no i ("69) in font nullfont!
Missing character: There is no n ("6E) in font nullfont!
Missing character: There is no d ("64) in font nullfont!
Missing character: There is no o ("6F) in font nullfont!
Missing character: There is no w ("77) in font nullfont!
Missing character: There is no 7 ("37) in font nullfont!
Missing character: There is no 及 ("53CA) in font nullfont!
Missing character: There is no 以 ("4EE5) in font nullfont!
Missing character: There is no 上 ("4E0A) in font nullfont!
Missing character: There is no 系 ("7CFB) in font nullfont!
Missing character: There is no 统 ("7EDF) in font nullfont!
Missing character: There is no 均 ("5747) in font nullfont!
Missing character: There is no 可 ("53EF) in font nullfont!
Missing character: There is no 使 ("4F7F) in font nullfont!
Missing character: There is no 用 ("7528) in font nullfont!
Missing character: There is no 。 ("3002) in font nullfont!

Overfull \hbox (20.0pt too wide) in paragraph at lines 32--34
[]
 []

! Undefined control sequence.
l.35 \section
             {文本修订说明}
The control sequence at the end of the top line
of your error message was never \def'ed. If you have
misspelled it (e.g., `\hobx'), type `I' and the correct
spelling (e.g., `I\hbox'). Otherwise just continue,
and I'll forget about whatever was undefined.

Missing character: There is no 文 ("6587) in font nullfont!
Missing character: There is no 本 ("672C) in font nullfont!
Missing character: There is no 修 ("4FEE) in font nullfont!
Missing character: There is no 订 ("8BA2) in font nullfont!
Missing character: There is no 说 ("8BF4) in font nullfont!
Missing character: There is no 明 ("660E) in font nullfont!

Overfull \hbox (20.0pt too wide) in paragraph at lines 35--36
[] 
 []

! Undefined control sequence.
l.37 {\Large
             ^^I由于版本升级，使用说明书也需要进行更新和补充，为了减少更新使用说明书的工作量，对于新增功能或界面的更新会提供详细的说明，...
The control sequence at the end of the top line
of your error message was never \def'ed. If you have
misspelled it (e.g., `\hobx'), type `I' and the correct
spelling (e.g., `I\hbox'). Otherwise just continue,
and I'll forget about whatever was undefined.

Missing character: There is no 由 ("7531) in font nullfont!
Missing character: There is no 于 ("4E8E) in font nullfont!
Missing character: There is no 版 ("7248) in font nullfont!
Missing character: There is no 本 ("672C) in font nullfont!
Missing character: There is no 升 ("5347) in font nullfont!
Missing character: There is no 级 ("7EA7) in font nullfont!
Missing character: There is no ， ("FF0C) in font nullfont!
Missing character: There is no 使 ("4F7F) in font nullfont!
Missing character: There is no 用 ("7528) in font nullfont!
Missing character: There is no 说 ("8BF4) in font nullfont!
Missing character: There is no 明 ("660E) in font nullfont!
Missing character: There is no 书 ("4E66) in font nullfont!
Missing character: There is no 也 ("4E5F) in font nullfont!
Missing character: There is no 需 ("9700) in font nullfont!
Missing character: There is no 要 ("8981) in font nullfont!
Missing character: There is no 进 ("8FDB) in font nullfont!
Missing character: There is no 行 ("884C) in font nullfont!
Missing character: There is no 更 ("66F4) in font nullfont!
Missing character: There is no 新 ("65B0) in font nullfont!
Missing character: There is no 和 ("548C) in font nullfont!
Missing character: There is no 补 ("8865) in font nullfont!
Missing character: There is no 充 ("5145) in font nullfont!
Missing character: There is no ， ("FF0C) in font nullfont!
Missing character: There is no 为 ("4E3A) in font nullfont!
Missing character: There is no 了 ("4E86) in font nullfont!
Missing character: There is no 减 ("51CF) in font nullfont!
Missing character: There is no 少 ("5C11) in font nullfont!
Missing character: There is no 更 ("66F4) in font nullfont!
Missing character: There is no 新 ("65B0) in font nullfont!
Missing character: There is no 使 ("4F7F) in font nullfont!
Missing character: There is no 用 ("7528) in font nullfont!
Missing character: There is no 说 ("8BF4) in font nullfont!
Missing character: There is no 明 ("660E) in font nullfont!
Missing character: There is no 书 ("4E66) in font nullfont!
Missing character: There is no 的 ("7684) in font nullfont!
Missing character: There is no 工 ("5DE5) in font nullfont!
Missing character: There is no 作 ("4F5C) in font nullfont!
Missing character: There is no 量 ("91CF) in font nullfont!
Missing character: There is no ， ("FF0C) in font nullfont!
Missing character: There is no 对 ("5BF9) in font nullfont!
Missing character: There is no 于 ("4E8E) in font nullfont!
Missing character: There is no 新 ("65B0) in font nullfont!
Missing character: There is no 增 ("589E) in font nullfont!
Missing character: There is no 功 ("529F) in font nullfont!
Missing character: There is no 能 ("80FD) in font nullfont!
Missing character: There is no 或 ("6216) in font nullfont!
Missing character: There is no 界 ("754C) in font nullfont!
Missing character: There is no 面 ("9762) in font nullfont!
Missing character: There is no 的 ("7684) in font nullfont!
Missing character: There is no 更 ("66F4) in font nullfont!
Missing character: There is no 新 ("65B0) in font nullfont!
Missing character: There is no 会 ("4F1A) in font nullfont!
Missing character: There is no 提 ("63D0) in font nullfont!
Missing character: There is no 供 ("4F9B) in font nullfont!
Missing character: There is no 详 ("8BE6) in font nullfont!
Missing character: There is no 细 ("7EC6) in font nullfont!
Missing character: There is no 的 ("7684) in font nullfont!
Missing character: There is no 说 ("8BF4) in font nullfont!
Missing character: There is no 明 ("660E) in font nullfont!
Missing character: There is no ， ("FF0C) in font nullfont!
Missing character: There is no 而 ("800C) in font nullfont!
Missing character: There is no 对 ("5BF9) in font nullfont!
Missing character: There is no 于 ("4E8E) in font nullfont!
Missing character: There is no 旧 ("65E7) in font nullfont!
Missing character: There is no 版 ("7248) in font nullfont!
Missing character: There is no 本 ("672C) in font nullfont!
Missing character: There is no 已 ("5DF2) in font nullfont!
Missing character: There is no 经 ("7ECF) in font nullfont!
Missing character: There is no 存 ("5B58) in font nullfont!
Missing character: There is no 在 ("5728) in font nullfont!
Missing character: There is no 却 ("5374) in font nullfont!
Missing character: There is no 未 ("672A) in font nullfont!
Missing character: There is no 进 ("8FDB) in font nullfont!
Missing character: There is no 行 ("884C) in font nullfont!
Missing character: There is no 修 ("4FEE) in font nullfont!
Missing character: There is no 改 ("6539) in font nullfont!
Missing character: There is no 的 ("7684) in font nullfont!
Missing character: There is no 功 ("529F) in font nullfont!
Missing character: There is no 能 ("80FD) in font nullfont!
Missing character: There is no 则 ("5219) in font nullfont!
Missing character: There is no 不 ("4E0D) in font nullfont!
Missing character: There is no 进 ("8FDB) in font nullfont!
Missing character: There is no 行 ("884C) in font nullfont!
Missing character: There is no 文 ("6587) in font nullfont!
Missing character: There is no 档 ("6863) in font nullfont!
Missing character: There is no 的 ("7684) in font nullfont!
Missing character: There is no 更 ("66F4) in font nullfont!
Missing character: There is no 新 ("65B0) in font nullfont!
Missing character: There is no 。 ("3002) in font nullfont!

Overfull \hbox (20.0pt too wide) in paragraph at lines 37--38
[] 
 []

! Undefined control sequence.
l.39 ^^I\textcolor
                  {mygreen}{由版本V2.0升级而进行的使用说明书的更新内容会以绿色字进行显著提示。}
The control sequence at the end of the top line
of your error message was never \def'ed. If you have
misspelled it (e.g., `\hobx'), type `I' and the correct
spelling (e.g., `I\hbox'). Otherwise just continue,
and I'll forget about whatever was undefined.

Missing character: There is no m ("6D) in font nullfont!
Missing character: There is no y ("79) in font nullfont!
Missing character: There is no g ("67) in font nullfont!
Missing character: There is no r ("72) in font nullfont!
Missing character: There is no e ("65) in font nullfont!
Missing character: There is no e ("65) in font nullfont!
Missing character: There is no n ("6E) in font nullfont!
Missing character: There is no 由 ("7531) in font nullfont!
Missing character: There is no 版 ("7248) in font nullfont!
Missing character: There is no 本 ("672C) in font nullfont!
Missing character: There is no V ("56) in font nullfont!
Missing character: There is no 2 ("32) in font nullfont!
Missing character: There is no . ("2E) in font nullfont!
Missing character: There is no 0 ("30) in font nullfont!
Missing character: There is no 升 ("5347) in font nullfont!
Missing character: There is no 级 ("7EA7) in font nullfont!
Missing character: There is no 而 ("800C) in font nullfont!
Missing character: There is no 进 ("8FDB) in font nullfont!
Missing character: There is no 行 ("884C) in font nullfont!
Missing character: There is no 的 ("7684) in font nullfont!
Missing character: There is no 使 ("4F7F) in font nullfont!
Missing character: There is no 用 ("7528) in font nullfont!
Missing character: There is no 说 ("8BF4) in font nullfont!
Missing character: There is no 明 ("660E) in font nullfont!
Missing character: There is no 书 ("4E66) in font nullfont!
Missing character: There is no 的 ("7684) in font nullfont!
Missing character: There is no 更 ("66F4) in font nullfont!
Missing character: There is no 新 ("65B0) in font nullfont!
Missing character: There is no 内 ("5185) in font nullfont!
Missing character: There is no 容 ("5BB9) in font nullfont!
Missing character: There is no 会 ("4F1A) in font nullfont!
Missing character: There is no 以 ("4EE5) in font nullfont!
Missing character: There is no 绿 ("7EFF) in font nullfont!
Missing character: There is no 色 ("8272) in font nullfont!
Missing character: There is no 字 ("5B57) in font nullfont!
Missing character: There is no 进 ("8FDB) in font nullfont!
Missing character: There is no 行 ("884C) in font nullfont!
Missing character: There is no 显 ("663E) in font nullfont!
Missing character: There is no 著 ("8457) in font nullfont!
Missing character: There is no 提 ("63D0) in font nullfont!
Missing character: There is no 示 ("793A) in font nullfont!
Missing character: There is no 。 ("3002) in font nullfont!

Overfull \hbox (20.0pt too wide) in paragraph at lines 39--40
[] 
 []




! LaTeX Error: The font size command \normalsize is not defined:
               there is probably something wrong with the class file.

See the LaTeX manual or LaTeX Companion for explanation.
Type  H <return>  for immediate help.
 ...                                              
                                                  
l.43 \newpage
             
Your command was ignored.
Type  I <command> <return>  to replace it with another command,
or  <return>  to continue without it.

[1])
! Emergency stop.
<*> 1.jianjie.tex
                 
*** (job aborted, no legal \end found)

 
Here is how much of TeX's memory you used:
 25 strings out of 473832
 528 string characters out of 5725356
 388383 words of memory out of 5000000
 23189 multiletter control sequences out of 15000+600000
 558845 words of font info for 37 fonts, out of 8000000 for 9000
 1348 hyphenation exceptions out of 8191
 22i,5n,22p,174b,106s stack positions out of 10000i,1000n,20000p,200000b,200000s
Output written on 1.jianjie.pdf (1 page).
